// Jest Snapshot v1, https://goo.gl/fbAQLP

exports[`BtnPanel component renders correctly 1`] = `
"<Button__StyledButton type=\\"button\\" id=\\"zero\\" color=\\"#42464a\\" gridPos={{...}} onClick={[Function: handleBtnClick]}>
  0
</Button__StyledButton>"
`;
